// Jest Snapshot v1, https://goo.gl/fbAQLP

exports[`Component trivia-page <HeaderTrivia /> should render HeaderTrivia 1`] = `
<DocumentFragment>
  <div
    class="sc-bdfBwQ fvHmtS"
  >
    <h4
      class="sc-gsTCUz helITq"
    >
      Animals
    </h4>
    <button
      class="sc-dlfnbm iWBeHa"
      data-testid="trivia-close-button"
    >
      <img
        alt="close"
        class="sc-hKgILt jjqRdP"
        src="close-btn.svg"
        tabindex="-1"
      />
      Close
    </button>
  </div>
</DocumentFragment>
`;
