// Jest Snapshot v1, https://goo.gl/fbAQLP

exports[`Page component <Categories /> shoud render Categories 1`] = `
<DocumentFragment>
  <section
    class="sc-iBPRYJ brIDSy"
    data-testid="categories-page"
    id="test-categories"
  >
    <h1
      class="sc-fubCfw jcLlnp"
      id="test-categories2"
    >
      Categories 
      <small>
        (3)
      </small>
    </h1>
    <section
      class="sc-pFZIQ cQsANz"
    >
      <div
        aria-label="Books start quiz"
        class="sc-bdfBwQ sc-dlfnbm cXyUsK haOKjT"
        data-readonly="true"
        data-testid="category-card"
        role="div"
        tabindex="-1"
      >
        <div
          class="sc-eCssSg caVUlX"
        >
          <div
            aria-label="0 questions answered"
            class="sc-jSgupP eMsPRm progress-bar"
            data-testid="progress-bar"
          >
            <span
              class="sc-gKsewC eDsWGz  "
              data-testid=" "
            />
            <span
              class="sc-gKsewC eDsWGz  "
              data-testid=" "
            />
            <span
              class="sc-gKsewC eDsWGz  "
              data-testid=" "
            />
            <span
              class="sc-gKsewC eDsWGz  "
              data-testid=" "
            />
            <span
              class="sc-gKsewC eDsWGz  "
              data-testid=" "
            />
            <span
              class="sc-gKsewC eDsWGz  "
              data-testid=" "
            />
            <span
              class="sc-gKsewC eDsWGz  "
              data-testid=" "
            />
            <span
              class="sc-gKsewC eDsWGz  "
              data-testid=" "
            />
            <span
              class="sc-gKsewC eDsWGz  "
              data-testid=" "
            />
            <span
              class="sc-gKsewC eDsWGz  "
              data-testid=" "
            />
          </div>
          <span
            aria-label="continue Books quiz (0 questions answered)"
            class="category-card__link"
            role="button"
            tabindex="0"
          >
            continue
          </span>
        </div>
        <h2
          class="sc-hKgILt juEGes"
        >
          Books
        </h2>
      </div>
      <div
        aria-label="History start quiz"
        class="sc-bdfBwQ sc-dlfnbm cXyUsK haOKjT"
        data-readonly="true"
        data-testid="category-card"
        role="div"
        tabindex="-1"
      >
        <div
          class="sc-eCssSg caVUlX"
        >
          <div
            aria-label="0 questions answered"
            class="sc-jSgupP eMsPRm progress-bar"
            data-testid="progress-bar"
          >
            <span
              class="sc-gKsewC eDsWGz  "
              data-testid=" "
            />
            <span
              class="sc-gKsewC eDsWGz  "
              data-testid=" "
            />
            <span
              class="sc-gKsewC eDsWGz  "
              data-testid=" "
            />
            <span
              class="sc-gKsewC eDsWGz  "
              data-testid=" "
            />
            <span
              class="sc-gKsewC eDsWGz  "
              data-testid=" "
            />
            <span
              class="sc-gKsewC eDsWGz  "
              data-testid=" "
            />
            <span
              class="sc-gKsewC eDsWGz  "
              data-testid=" "
            />
            <span
              class="sc-gKsewC eDsWGz  "
              data-testid=" "
            />
            <span
              class="sc-gKsewC eDsWGz  "
              data-testid=" "
            />
            <span
              class="sc-gKsewC eDsWGz  "
              data-testid=" "
            />
          </div>
          <span
            aria-label="continue History quiz (0 questions answered)"
            class="category-card__link"
            role="button"
            tabindex="0"
          >
            continue
          </span>
        </div>
        <h2
          class="sc-hKgILt juEGes"
        >
          History
        </h2>
      </div>
      <div
        aria-label="Sports start quiz"
        class="sc-bdfBwQ sc-dlfnbm cXyUsK haOKjT"
        data-readonly="true"
        data-testid="category-card"
        role="div"
        tabindex="-1"
      >
        <div
          class="sc-eCssSg caVUlX"
        >
          <div
            aria-label="0 questions answered"
            class="sc-jSgupP eMsPRm progress-bar"
            data-testid="progress-bar"
          >
            <span
              class="sc-gKsewC eDsWGz  "
              data-testid=" "
            />
            <span
              class="sc-gKsewC eDsWGz  "
              data-testid=" "
            />
            <span
              class="sc-gKsewC eDsWGz  "
              data-testid=" "
            />
            <span
              class="sc-gKsewC eDsWGz  "
              data-testid=" "
            />
            <span
              class="sc-gKsewC eDsWGz  "
              data-testid=" "
            />
            <span
              class="sc-gKsewC eDsWGz  "
              data-testid=" "
            />
            <span
              class="sc-gKsewC eDsWGz  "
              data-testid=" "
            />
            <span
              class="sc-gKsewC eDsWGz  "
              data-testid=" "
            />
            <span
              class="sc-gKsewC eDsWGz  "
              data-testid=" "
            />
            <span
              class="sc-gKsewC eDsWGz  "
              data-testid=" "
            />
          </div>
          <span
            aria-label="continue Sports quiz (0 questions answered)"
            class="category-card__link"
            role="button"
            tabindex="0"
          >
            continue
          </span>
        </div>
        <h2
          class="sc-hKgILt juEGes"
        >
          Sports
        </h2>
      </div>
    </section>
  </section>
</DocumentFragment>
`;
