// Jest Snapshot v1, https://goo.gl/fbAQLP

exports[`Component trivia-page <QATrivia /> should render QATrivia 1`] = `
<DocumentFragment>
  <h4
    class="sc-bdfBwQ jsKhAM"
    tabindex="0"
  >
    What year was Huun Huur Tu's album Altai Sayan Tandy-Uula released?
  </h4>
  <button
    class="sc-gsTCUz gOEIop trivia__option"
    data-option="0"
    data-testid="trivia-card-option-0"
  >
    <p
      class="sc-dlfnbm fDorQR"
      data-option="0"
      data-testid="trivia-card-option-text"
    >
      2004
    </p>
  </button>
  <button
    class="sc-gsTCUz gOEIop trivia__option"
    data-option="1"
    data-testid="trivia-card-option-1"
  >
    <p
      class="sc-dlfnbm fDorQR"
      data-option="1"
      data-testid="trivia-card-option-text"
    >
      1993
    </p>
  </button>
  <button
    class="sc-gsTCUz gOEIop trivia__option"
    data-option="2"
    data-testid="trivia-card-option-2"
  >
    <p
      class="sc-dlfnbm fDorQR"
      data-option="2"
      data-testid="trivia-card-option-text"
    >
      2006
    </p>
  </button>
  <button
    class="sc-gsTCUz gOEIop trivia__option"
    data-option="3"
    data-testid="trivia-card-option-3"
  >
    <p
      class="sc-dlfnbm fDorQR"
      data-option="3"
      data-testid="trivia-card-option-text"
    >
      2010
    </p>
  </button>
</DocumentFragment>
`;
